occ_base_l0_m32_L3_e100: params=39553
ep   1 train_bce=0.7341 val_bce=0.6930 best=0.6930 [4s]
ep   5 train_bce=0.7295 val_bce=0.6553 best=0.6553 [14s]
ep  10 train_bce=0.5929 val_bce=0.6234 best=0.5909 [26s]
ep  15 train_bce=0.5295 val_bce=0.4938 best=0.4938 [37s]
ep  20 train_bce=0.4238 val_bce=0.3585 best=0.3585 [49s]
ep  25 train_bce=0.4180 val_bce=0.3529 best=0.3396 [61s]
ep  30 train_bce=0.3745 val_bce=0.3372 best=0.3372 [72s]
ep  35 train_bce=0.3927 val_bce=0.3420 best=0.3252 [94s]
ep  40 train_bce=0.3508 val_bce=0.3174 best=0.3174 [117s]
ep  45 train_bce=0.3444 val_bce=0.3147 best=0.3112 [141s]
ep  50 train_bce=0.3401 val_bce=0.3115 best=0.3065 [164s]
ep  55 train_bce=0.3348 val_bce=0.3036 best=0.3036 [187s]
ep  60 train_bce=0.3352 val_bce=0.3042 best=0.3036 [210s]
ep  65 train_bce=0.3287 val_bce=0.3043 best=0.3003 [234s]
ep  70 train_bce=0.3282 val_bce=0.2965 best=0.2965 [257s]
ep  75 train_bce=0.3247 val_bce=0.2958 best=0.2958 [281s]
ep  80 train_bce=0.3234 val_bce=0.2953 best=0.2948 [301s]
ep  85 train_bce=0.3228 val_bce=0.2958 best=0.2948 [315s]
ep  90 train_bce=0.3225 val_bce=0.2952 best=0.2948 [329s]
ep  95 train_bce=0.3223 val_bce=0.2949 best=0.2948 [344s]
ep 100 train_bce=0.3223 val_bce=0.2949 best=0.2948 [368s]
{
  "test": {
    "accuracy": 0.7962838700739849,
    "balanced_accuracy": 0.8017801252384011,
    "tpr": 0.8515194580177935,
    "tnr": 0.7520407924590087,
    "f1": 0.7880477621083071,
    "auroc": 0.8965832468764363,
    "n": 230993,
    "pos_rate": 0.4447494079907183,
    "isotherm_mae": 0.11194784412248036
  },
  "baseline_group_rate": {
    "accuracy": 0.7881840575255528,
    "balanced_accuracy": 0.7900347147704956,
    "tpr": 0.8067825646816049,
    "tnr": 0.7732868648593861,
    "f1": 0.7721056750009315,
    "auroc": 0.8776508884692975,
    "n": 230993,
    "pos_rate": 0.4447494079907183,
    "isotherm_mae": 0.08676690429624717
  },
  "baseline_random_mixing": {
    "accuracy": 0.7888810483434563,
    "balanced_accuracy": 0.7790752762419039,
    "tpr": 0.6903362080713299,
    "tnr": 0.8678143444124778,
    "f1": 0.7441516402688225,
    "auroc": 0.8660239669307817,
    "n": 230993,
    "pos_rate": 0.4447494079907183,
    "isotherm_mae": 0.13360710644818455
  }
}
