paper_l0_m32_L3_e100: params=39425 rotation-invariance max |diff|=1.37e-06
ep   1 train_rmse=0.3913 val_mae=0.3640 best=0.3640 [2s]
ep   5 train_rmse=0.3166 val_mae=0.1718 best=0.1718 [10s]
ep  10 train_rmse=0.1881 val_mae=0.1239 best=0.1239 [20s]
ep  15 train_rmse=0.1485 val_mae=0.1093 best=0.1093 [29s]
ep  20 train_rmse=0.1423 val_mae=0.1051 best=0.1051 [39s]
ep  25 train_rmse=0.1344 val_mae=0.0962 best=0.0962 [48s]
ep  30 train_rmse=0.1209 val_mae=0.0873 best=0.0873 [57s]
ep  35 train_rmse=0.1197 val_mae=0.0833 best=0.0833 [67s]
ep  40 train_rmse=0.1135 val_mae=0.0818 best=0.0818 [76s]
ep  45 train_rmse=0.1067 val_mae=0.0772 best=0.0772 [86s]
ep  50 train_rmse=0.1070 val_mae=0.0753 best=0.0753 [96s]
ep  55 train_rmse=0.1020 val_mae=0.0732 best=0.0731 [105s]
ep  60 train_rmse=0.1000 val_mae=0.0713 best=0.0713 [115s]
ep  65 train_rmse=0.0984 val_mae=0.0702 best=0.0702 [124s]
ep  70 train_rmse=0.0973 val_mae=0.0695 best=0.0695 [133s]
ep  75 train_rmse=0.0966 val_mae=0.0689 best=0.0689 [143s]
ep  80 train_rmse=0.0960 val_mae=0.0685 best=0.0685 [152s]
ep  85 train_rmse=0.0957 val_mae=0.0683 best=0.0683 [162s]
ep  90 train_rmse=0.0955 val_mae=0.0681 best=0.0681 [171s]
ep  95 train_rmse=0.0954 val_mae=0.0681 best=0.0681 [181s]
ep 100 train_rmse=0.0954 val_mae=0.0681 best=0.0681 [190s]
{
  "test": {
    "mae": 0.06817648559808731,
    "rmse": 0.09495091438293457,
    "r2": 0.7479917407035828,
    "n": 115486
  },
  "baseline_group_mean": {
    "mae": 0.11851431429386139,
    "rmse": 0.162931427359581,
    "r2": 0.2579619884490967,
    "n": 115486
  }
}
